$ git checkout HEAD road-not-taken.txt
$ git checkout -- oven-bird.txt
$ git diff -- fire-and-ice.txt
$ git add .
$ git reset HEAD fire-and-ice.txt
Unstaged changes after reset:
M	fire-and-ice.txt
$ git commit -m "without fire-and-ice"
[master 145299f] remove fire-and-ice
2 files changed, 3 insertion(+), 1 deletion(-)
$ git add .
$ git commit -m "added all the three files"
[master 0f78c0e] added all the three files
3 files changed, 6 insertions(+), 1 deletion(-)
$ git log
commit 50c4a6ff8c4c6d865035ab921e89588d81087352
Author: codecademy <ccuser@codecademy.com>
Date:   Fri Sep 3 10:40:57 2021 +0000

    first addition

commit 8a8cf5a34991e23726fab0d5cfa630b6fb069dd6
Author: danasselin <johndoe@example.com>
Date:   Thu Nov 19 11:05:57 2015 -0500 
$ git reset 50c4a6f
Unstaged changes after reset:
M       fire-and-ice.txt
M       oven-bird.txt
M       road-not-taken.txt
$ git checkout HEAD road-not-taken.txt
$ git checkout HEAD fire-and-ice.txt
$ git checkout HEAD oven-bird.txt
